
> meeramoot-electiontric-item-reparing-management-system-web@0.1.0 build
> next build

Γû▓ Next.js 16.2.4 (Turbopack)
- Environments: .env.local

node.exe : ΓÜá The "middleware" file convention is deprecated. Please use "proxy" instead. Learn more: 
https://nextjs.org/docs/messages/middleware-to-proxy
At line:1 char:1
+ & "D:\Node.js/node.exe" "C:\Users\ASUS\AppData\Roaming\npm/node_modul ...
+ ~~~~~~~~~~~~~~~~~~~~~~~~~~~~~~~~~~~~~~~~~~~~~~~~~~~~~~~~~~~~~~~~~~~~~
    + CategoryInfo          : NotSpecified: (ΓÜá The "middle...leware-to-proxy:String) [], RemoteException
    + FullyQualifiedErrorId : NativeCommandError
 
  Creating an optimized production build ...
Γ£ô Compiled successfully in 34.6s
  Skipping validation of types
  Finished TypeScript config validation in 78ms ...
  Collecting page data using 11 workers ...
  Generating static pages using 11 workers (0/47) ...
Γ¿» useSearchParams() should be wrapped in a suspense boundary at page "/". Read more: 
https://nextjs.org/docs/messages/missing-suspense-with-csr-bailout
    at S (D:\Music\Meramot-Electiontric-Item-reparing-management-system-\frontend\.next\server\chunks\ssr\node_modules_
next_0w2y7fz._.js:2:2692)
    at r (D:\Music\Meramot-Electiontric-Item-reparing-management-system-\frontend\.next\server\chunks\ssr\node_modules_
next_0w2y7fz._.js:4:6760)
    at 
D:\Music\Meramot-Electiontric-Item-reparing-management-system-\frontend\.next\server\chunks\ssr\_10ij_kk._.js:4:15247
    at an (D:\Music\Meramot-Electiontric-Item-reparing-management-system-\frontend\node_modules\next\dist\compiled\next
-server\app-page-turbo.runtime.prod.js:2:84267)
    at ai (D:\Music\Meramot-Electiontric-Item-reparing-management-system-\frontend\node_modules\next\dist\compiled\next
-server\app-page-turbo.runtime.prod.js:2:86086)
    at al (D:\Music\Meramot-Electiontric-Item-reparing-management-system-\frontend\node_modules\next\dist\compiled\next
-server\app-page-turbo.runtime.prod.js:2:107860)
    at ao (D:\Music\Meramot-Electiontric-Item-reparing-management-system-\frontend\node_modules\next\dist\compiled\next
-server\app-page-turbo.runtime.prod.js:2:105275)
    at am (D:\Music\Meramot-Electiontric-Item-reparing-management-system-\frontend\node_modules\next\dist\compiled\next
-server\app-page-turbo.runtime.prod.js:2:112789)
    at ai (D:\Music\Meramot-Electiontric-Item-reparing-management-system-\frontend\node_modules\next\dist\compiled\next
-server\app-page-turbo.runtime.prod.js:2:98715)
    at al (D:\Music\Meramot-Electiontric-Item-reparing-management-system-\frontend\node_modules\next\dist\compiled\next
-server\app-page-turbo.runtime.prod.js:2:107860)
Error occurred prerendering page "/". Read more: https://nextjs.org/docs/messages/prerender-error
Export encountered an error on /page: /, exiting the build.
Γ¿» Next.js build worker exited with code: 1 and signal: null
