src/app/admin/vendors/[id]/page.tsx(435,92): error TS2339: Property 'isFeatured' does not exist on type '{ id: string; name: string; isActive: boolean; ratingAvg: number; reviewCount: number; }'.
src/app/admin/vendors/[id]/page.tsx(438,55): error TS2339: Property 'isFeatured' does not exist on type '{ id: string; name: string; isActive: boolean; ratingAvg: number; reviewCount: number; }'.
src/app/admin/vendors/[id]/page.tsx(443,59): error TS2339: Property 'isFeatured' does not exist on type '{ id: string; name: string; isActive: boolean; ratingAvg: number; reviewCount: number; }'.
src/app/delivery-admin/page.tsx(10,3): error TS2724: '"@/lib/api"' has no exported member named 'blockDeliveryPartnerAdmin'. Did you mean 'rejectDeliveryPartnerAdmin'?
src/app/delivery-admin/page.tsx(11,3): error TS2724: '"@/lib/api"' has no exported member named 'deleteDeliveryPartnerAdmin'. Did you mean 'rejectDeliveryPartnerAdmin'?
src/app/delivery-admin/page.tsx(490,35): error TS2339: Property 'avatarUrl' does not exist on type '{ id: string; name?: string | null | undefined; username: string; email: string; phone?: string | null | undefined; role?: string | undefined; status?: string | undefined; createdAt: string; }'.
src/app/delivery-admin/page.tsx(492,44): error TS2339: Property 'avatarUrl' does not exist on type '{ id: string; name?: string | null | undefined; username: string; email: string; phone?: string | null | undefined; role?: string | undefined; status?: string | undefined; createdAt: string; }'.
src/app/delivery-admin/page.tsx(700,33): error TS2339: Property 'avatarUrl' does not exist on type '{ id: string; name?: string | null | undefined; username: string; email: string; phone?: string | null | undefined; role?: string | undefined; status?: string | undefined; createdAt: string; }'.
src/app/delivery-admin/page.tsx(702,42): error TS2339: Property 'avatarUrl' does not exist on type '{ id: string; name?: string | null | undefined; username: string; email: string; phone?: string | null | undefined; role?: string | undefined; status?: string | undefined; createdAt: string; }'.
src/app/delivery/map/page.tsx(40,48): error TS2339: Property 'lat' does not exist on type '{ id: string; email: string; name: string | null; phone: string | null; status: string; userId?: string | undefined; username?: string | null | undefined; role?: string | undefined; }'.
src/app/delivery/map/page.tsx(41,48): error TS2339: Property 'lng' does not exist on type '{ id: string; email: string; name: string | null; phone: string | null; status: string; userId?: string | undefined; username?: string | null | undefined; role?: string | undefined; }'.
src/app/delivery/map/page.tsx(207,40): error TS2339: Property 'default' does not exist on type 'typeof import("D:/Music/Meramot-Electiontric-Item-reparing-management-system-/frontend/node_modules/@types/leaflet/index")'.
src/app/delivery/map/page.tsx(279,40): error TS2339: Property 'default' does not exist on type 'typeof import("D:/Music/Meramot-Electiontric-Item-reparing-management-system-/frontend/node_modules/@types/leaflet/index")'.
src/app/delivery/map/page.tsx(291,71): error TS18047: 'selectedPoint' is possibly 'null'.
src/app/delivery/map/page.tsx(291,92): error TS18047: 'selectedPoint' is possibly 'null'.
src/app/delivery/map/page.tsx(311,14): error TS18047: 'selectedPoint' is possibly 'null'.
src/app/delivery/map/page.tsx(311,33): error TS18047: 'selectedPoint' is possibly 'null'.
src/app/delivery/map/page.tsx(382,40): error TS2339: Property 'default' does not exist on type 'typeof import("D:/Music/Meramot-Electiontric-Item-reparing-management-system-/frontend/node_modules/@types/leaflet/index")'.
src/app/delivery/map/page.tsx(383,33): error TS2339: Property 'avatarUrl' does not exist on type '{ id: string; email: string; name: string | null; phone: string | null; status: string; userId?: string | undefined; username?: string | null | undefined; role?: string | undefined; }'.
src/app/delivery/map/page.tsx(416,47): error TS2339: Property 'avatarUrl' does not exist on type '{ id: string; email: string; name: string | null; phone: string | null; status: string; userId?: string | undefined; username?: string | null | undefined; role?: string | undefined; }'.
src/app/delivery/order/[id]/page.tsx(278,61): error TS2339: Property 'phone' does not exist on type '{ name?: string | null | undefined; lat?: number | null | undefined; lng?: number | null | undefined; }'.
src/app/delivery/profile/page.tsx(19,24): error TS2339: Property 'avatarUrl' does not exist on type '{ id: string; email: string; name: string | null; phone: string | null; status: string; userId?: string | undefined; username?: string | null | undefined; role?: string | undefined; }'.
src/app/delivery/profile/page.tsx(21,30): error TS2339: Property 'avatarUrl' does not exist on type '{ id: string; email: string; name: string | null; phone: string | null; status: string; userId?: string | undefined; username?: string | null | undefined; role?: string | undefined; }'.
src/app/vendor/jobs/page.tsx(162,52): error TS2322: Type 'string | undefined' is not assignable to type 'string'.
  Type 'undefined' is not assignable to type 'string'.
src/app/vendor/setup-shop/page.tsx(11,10): error TS2305: Module '"@/components/location/location-utils"' has no exported member 'forwardGeocode'.
src/app/vendor/setup-shop/page.tsx(244,5): error TS2304: Cannot find name 'setSelectedTags'.
src/app/vendor/setup-shop/page.tsx(244,22): error TS7006: Parameter 'prev' implicitly has an 'any' type.
src/app/vendor/setup-shop/page.tsx(245,41): error TS7006: Parameter 'item' implicitly has an 'any' type.
src/app/vendor/setup-shop/page.tsx(250,24): error TS2304: Cannot find name 'customTagInput'.
src/app/vendor/setup-shop/page.tsx(253,31): error TS2304: Cannot find name 'selectedTags'.
src/app/vendor/setup-shop/page.tsx(253,48): error TS2552: Cannot find name 'customTags'. Did you mean 'addCustomTag'?
src/app/vendor/setup-shop/page.tsx(258,7): error TS2304: Cannot find name 'setCustomTagInput'.
src/app/vendor/setup-shop/page.tsx(262,5): error TS2304: Cannot find name 'setCustomTags'.
src/app/vendor/setup-shop/page.tsx(262,20): error TS7006: Parameter 'prev' implicitly has an 'any' type.
src/app/vendor/setup-shop/page.tsx(263,5): error TS2304: Cannot find name 'setCustomTagInput'.
src/app/vendor/setup-shop/page.tsx(267,5): error TS2304: Cannot find name 'setCustomTags'.
src/app/vendor/setup-shop/page.tsx(267,20): error TS7006: Parameter 'prev' implicitly has an 'any' type.
src/app/vendor/setup-shop/page.tsx(267,42): error TS7006: Parameter 'tag' implicitly has an 'any' type.
src/app/vendor/shop-profile/page.tsx(296,96): error TS2339: Property 'services' does not exist on type 'VendorShopProfileData'.
src/app/vendor/shop-profile/page.tsx(309,26): error TS2339: Property 'services' does not exist on type 'VendorShopProfileData'.
src/app/vendor/shop-profile/page.tsx(312,27): error TS2339: Property 'services' does not exist on type 'VendorShopProfileData'.
src/app/vendor/shop-profile/page.tsx(312,40): error TS7006: Parameter 's' implicitly has an 'any' type.
src/app/vendor/shop-profile/page.tsx(350,26): error TS2339: Property 'spareParts' does not exist on type 'VendorShopProfileData'.
src/app/vendor/shop-profile/page.tsx(353,27): error TS2339: Property 'spareParts' does not exist on type 'VendorShopProfileData'.
src/app/vendor/shop-profile/page.tsx(353,42): error TS7006: Parameter 'p' implicitly has an 'any' type.
src/app/vendor/shop-profile/page.tsx(436,26): error TS2339: Property 'aiSuggestions' does not exist on type 'VendorShopProfileData'.
src/app/vendor/shop-profile/page.tsx(436,44): error TS7006: Parameter 'sug' implicitly has an 'any' type.
src/components/delivery/DeliverySignupForm.tsx(144,21): error TS2322: Type '"deliveryProfilePictureUploader"' is not assignable to type 'EndpointArg<{ shopLogoUploader: FileRoute<{ input: undefined; output: { fileUrl: string; fileName: string; }; errorShape: Json; }>; userAvatarUploader: FileRoute<{ input: undefined; output: { fileUrl: string; fileName: string; }; errorShape: Json; }>; deliveryNidUploader: FileRoute<...>; deliveryEducationUploader: F...'.
src/components/vendor/VendorApplyForm.tsx(275,11): error TS2322: Type 'string | undefined' is not assignable to type 'string'.
  Type 'undefined' is not assignable to type 'string'.
src/lib/api.ts(515,23): error TS2323: Cannot redeclare exported variable 'cancelRequest'.
src/lib/api.ts(515,23): error TS2393: Duplicate function implementation.
src/lib/api.ts(956,23): error TS2323: Cannot redeclare exported variable 'cancelRequest'.
src/lib/api.ts(956,23): error TS2393: Duplicate function implementation.
src/lib/delivery-auth-context.tsx(81,7): error TS2353: Object literal may only specify known properties, and 'avatarUrl' does not exist in type '{ id: string; email: string; name: string | null; phone: string | null; status: string; userId?: string | undefined; username?: string | null | undefined; role?: string | undefined; }'.
src/lib/mock-data.ts(12,5): error TS2353: Object literal may only specify known properties, and 'lat' does not exist in type 'ApiShop'.
src/lib/mock-data.ts(37,5): error TS2353: Object literal may only specify known properties, and 'lat' does not exist in type 'ApiShop'.
src/lib/mock-data.ts(62,5): error TS2353: Object literal may only specify known properties, and 'lat' does not exist in type 'ApiShop'.
src/lib/mock-data.ts(87,5): error TS2353: Object literal may only specify known properties, and 'lat' does not exist in type 'ApiShop'.
src/lib/mock-data.ts(112,5): error TS2353: Object literal may only specify known properties, and 'lat' does not exist in type 'ApiShop'.
src/lib/mock-data.ts(137,5): error TS2353: Object literal may only specify known properties, and 'lat' does not exist in type 'ApiShop'.
src/lib/mock-data.ts(162,5): error TS2353: Object literal may only specify known properties, and 'lat' does not exist in type 'ApiShop'.
src/lib/mock-data.ts(187,5): error TS2353: Object literal may only specify known properties, and 'lat' does not exist in type 'ApiShop'.
src/lib/mock-data.ts(212,5): error TS2353: Object literal may only specify known properties, and 'lat' does not exist in type 'ApiShop'.
src/lib/mock-data.ts(237,5): error TS2353: Object literal may only specify known properties, and 'lat' does not exist in type 'ApiShop'.
src/lib/mock-data.ts(262,5): error TS2353: Object literal may only specify known properties, and 'lat' does not exist in type 'ApiShop'.
src/lib/mock-data.ts(287,5): error TS2353: Object literal may only specify known properties, and 'lat' does not exist in type 'ApiShop'.
