src/controllers/ai-chat-history-controller.ts(85,9): error TS2322: Type 'string | string[]' is not assignable to type 'string | StringFilter<"AiChatSession"> | undefined'.
  Type 'string[]' is not assignable to type 'string | StringFilter<"AiChatSession"> | undefined'.
src/controllers/ai-chat-history-controller.ts(96,9): error TS2322: Type 'string | string[]' is not assignable to type 'string | undefined'.
  Type 'string[]' is not assignable to type 'string'.
src/controllers/ai-chat-history-controller.ts(106,18): error TS2322: Type 'string | string[]' is not assignable to type 'string | undefined'.
  Type 'string[]' is not assignable to type 'string'.
src/controllers/ai-chat-history-controller.ts(113,18): error TS2322: Type 'string | string[]' is not assignable to type 'string | undefined'.
  Type 'string[]' is not assignable to type 'string'.
src/controllers/ai-chat-history-controller.ts(146,9): error TS2322: Type 'string | string[]' is not assignable to type 'string | StringFilter<"AiChatSession"> | undefined'.
  Type 'string[]' is not assignable to type 'string | StringFilter<"AiChatSession"> | undefined'.
src/controllers/auth-controller.ts(4,20): error TS2835: Relative import paths need explicit file extensions in ECMAScript imports when '--moduleResolution' is 'node16' or 'nodenext'. Did you mean '../models/prisma.js'?
src/controllers/auth-controller.ts(5,21): error TS2835: Relative import paths need explicit file extensions in ECMAScript imports when '--moduleResolution' is 'node16' or 'nodenext'. Did you mean '../config/env.js'?
src/controllers/auth-controller.ts(6,30): error TS2835: Relative import paths need explicit file extensions in ECMAScript imports when '--moduleResolution' is 'node16' or 'nodenext'. Did you mean '../config/admin.js'?
src/controllers/cart-controller.ts(233,16): error TS2322: Type 'string | string[]' is not assignable to type 'string | undefined'.
  Type 'string[]' is not assignable to type 'string'.
src/controllers/cart-controller.ts(245,23): error TS2339: Property 'cart' does not exist on type '{ id: string; createdAt: Date; updatedAt: Date; description: string | null; quantity: number; cartId: string; serviceName: string; price: Decimal; metadata: JsonValue; }'.
src/controllers/cart-controller.ts(245,54): error TS2339: Property 'cart' does not exist on type '{ id: string; createdAt: Date; updatedAt: Date; description: string | null; quantity: number; cartId: string; serviceName: string; price: Decimal; metadata: JsonValue; }'.
src/controllers/cart-controller.ts(252,16): error TS2322: Type 'string | string[]' is not assignable to type 'string | undefined'.
  Type 'string[]' is not assignable to type 'string'.
src/controllers/cart-controller.ts(271,16): error TS2322: Type 'string | string[]' is not assignable to type 'string | undefined'.
  Type 'string[]' is not assignable to type 'string'.
src/controllers/cart-controller.ts(283,23): error TS2339: Property 'cart' does not exist on type '{ id: string; createdAt: Date; updatedAt: Date; description: string | null; quantity: number; cartId: string; serviceName: string; price: Decimal; metadata: JsonValue; }'.
src/controllers/cart-controller.ts(283,54): error TS2339: Property 'cart' does not exist on type '{ id: string; createdAt: Date; updatedAt: Date; description: string | null; quantity: number; cartId: string; serviceName: string; price: Decimal; metadata: JsonValue; }'.
src/controllers/cart-controller.ts(287,45): error TS2322: Type 'string | string[]' is not assignable to type 'string | undefined'.
  Type 'string[]' is not assignable to type 'string'.
src/controllers/cart-controller.ts(290,29): error TS2339: Property 'cart' does not exist on type '{ id: string; createdAt: Date; updatedAt: Date; description: string | null; quantity: number; cartId: string; serviceName: string; price: Decimal; metadata: JsonValue; }'.
src/controllers/cart-controller.ts(295,27): error TS2339: Property 'cart' does not exist on type '{ id: string; createdAt: Date; updatedAt: Date; description: string | null; quantity: number; cartId: string; serviceName: string; price: Decimal; metadata: JsonValue; }'.
src/controllers/cart-controller.ts(341,9): error TS2322: Type 'string | string[]' is not assignable to type 'string | StringFilter<"Cart"> | undefined'.
  Type 'string[]' is not assignable to type 'string | StringFilter<"Cart"> | undefined'.
src/controllers/cart-controller.ts(356,15): error TS2339: Property 'items' does not exist on type '{ id: string; status: CartStatus; createdAt: Date; updatedAt: Date; userId: string; shopId: string; }'.
src/controllers/cart-controller.ts(362,16): error TS2339: Property 'user' does not exist on type '{ id: string; status: CartStatus; createdAt: Date; updatedAt: Date; userId: string; shopId: string; }'.
src/controllers/cart-controller.ts(374,27): error TS2339: Property 'items' does not exist on type '{ id: string; status: CartStatus; createdAt: Date; updatedAt: Date; userId: string; shopId: string; }'.
src/controllers/cart-controller.ts(375,8): error TS7006: Parameter 'sum' implicitly has an 'any' type.
src/controllers/cart-controller.ts(375,13): error TS7006: Parameter 'item' implicitly has an 'any' type.
src/controllers/cart-controller.ts(383,31): error TS2339: Property 'items' does not exist on type '{ id: string; status: CartStatus; createdAt: Date; updatedAt: Date; userId: string; shopId: string; }'.
src/controllers/cart-controller.ts(385,10): error TS7006: Parameter 'item' implicitly has an 'any' type.
src/controllers/cart-controller.ts(385,16): error TS7006: Parameter 'index' implicitly has an 'any' type.
src/controllers/cart-controller.ts(391,12): error TS2339: Property 'items' does not exist on type '{ id: string; status: CartStatus; createdAt: Date; updatedAt: Date; userId: string; shopId: string; }'.
src/controllers/cart-controller.ts(392,16): error TS2339: Property 'items' does not exist on type '{ id: string; status: CartStatus; createdAt: Date; updatedAt: Date; userId: string; shopId: string; }'.
src/controllers/cart-controller.ts(393,19): error TS2339: Property 'items' does not exist on type '{ id: string; status: CartStatus; createdAt: Date; updatedAt: Date; userId: string; shopId: string; }'.
src/controllers/cart-controller.ts(393,54): error TS2339: Property 'shop' does not exist on type '{ id: string; status: CartStatus; createdAt: Date; updatedAt: Date; userId: string; shopId: string; }'.
src/controllers/cart-controller.ts(401,40): error TS2339: Property 'user' does not exist on type '{ id: string; status: CartStatus; createdAt: Date; updatedAt: Date; userId: string; shopId: string; }'.
src/controllers/cart-controller.ts(402,40): error TS2339: Property 'user' does not exist on type '{ id: string; status: CartStatus; createdAt: Date; updatedAt: Date; userId: string; shopId: string; }'.
src/controllers/cart-controller.ts(403,55): error TS2339: Property 'user' does not exist on type '{ id: string; status: CartStatus; createdAt: Date; updatedAt: Date; userId: string; shopId: string; }'.
src/controllers/cart-controller.ts(404,55): error TS2339: Property 'user' does not exist on type '{ id: string; status: CartStatus; createdAt: Date; updatedAt: Date; userId: string; shopId: string; }'.
src/controllers/cart-controller.ts(422,35): error TS2339: Property 'user' does not exist on type '{ id: string; status: CartStatus; createdAt: Date; updatedAt: Date; userId: string; shopId: string; }'.
src/controllers/cart-controller.ts(423,35): error TS2339: Property 'user' does not exist on type '{ id: string; status: CartStatus; createdAt: Date; updatedAt: Date; userId: string; shopId: string; }'.
src/controllers/cart-controller.ts(426,23): error TS2339: Property 'shop' does not exist on type '{ id: string; status: CartStatus; createdAt: Date; updatedAt: Date; userId: string; shopId: string; }'.
src/controllers/cart-controller.ts(456,29): error TS2339: Property 'shop' does not exist on type '{ id: string; status: CartStatus; createdAt: Date; updatedAt: Date; userId: string; shopId: string; }'.
src/controllers/delivery-auth-controller.ts(112,11): error TS2353: Object literal may only specify known properties, and 'profilePictureUrl' does not exist in type 'Without<RiderProfileCreateInput, RiderProfileUncheckedCreateInput> & RiderProfileUncheckedCreateInput'.
src/controllers/delivery-auth-controller.ts(164,30): error TS2339: Property 'user' does not exist on type '{ id: string; status: DeliveryAgentStatus; createdAt: Date; updatedAt: Date; userId: string; isActive: boolean; vehicleType: string | null; nidDocumentUrl: string | null; ... 4 more ...; currentLng: number | null; }'.
src/controllers/delivery-auth-controller.ts(165,39): error TS2339: Property 'coverageZones' does not exist on type '{ id: string; status: DeliveryAgentStatus; createdAt: Date; updatedAt: Date; userId: string; isActive: boolean; vehicleType: string | null; nidDocumentUrl: string | null; ... 4 more ...; currentLng: number | null; }'.
src/controllers/delivery-auth-controller.ts(165,58): error TS7006: Parameter 'cz' implicitly has an 'any' type.
src/routes/auth-routes.ts(2,62): error TS2835: Relative import paths need explicit file extensions in ECMAScript imports when '--moduleResolution' is 'node16' or 'nodenext'. Did you mean '../controllers/auth-controller.js'?
